// Jest Snapshot v1, https://goo.gl/fbAQLP

exports[`Hello component test 1`] = `
<h1>
  Hello from 
  TypeScript
   and 
  React
  !
</h1>
`;
